// Vitest Snapshot v1

exports[`The \`{{ html_attributes() }}\` Twig function > should encode as JSON complex attributes 1`] = `" data-options=\\"&#x7B;&quot;log&quot;&#x3A;true&#x7D;\\""`;

exports[`The \`{{ html_attributes() }}\` Twig function > should not render falsy attributes 1`] = `" autofocus checked"`;

exports[`The \`{{ html_attributes() }}\` Twig function > should render attributes 1`] = `" aria-hidden=\\"true\\" required class=\\"block foo\\" id=\\"foo\\""`;

exports[`The \`{{ html_styles() }}\` Twig function > should render inline CSS. 1`] = `"margin-top&#x3A;&#x20;10px&#x3B;&#x20;display&#x3A;&#x20;none&#x3B;"`;
